MPLINK 5.09, LINKER
Linker Map File - Created Sun Jan 03 17:15:39 2021

                                 Section Info
                  Section       Type    Address   Location Size(Bytes)
                ---------  ---------  ---------  ---------  ---------
                   .org_1       code   0x000000    program   0x000004
                   .cinit    romdata   0x000004    program   0x000002
                   .org_2       code   0x000100    program   0x00006e
                   .org_0       code   0x000500    program   0x00006a
.config_300001_BUILD/DEFAULT/PRODUCTION/MAIN.O    romdata   0x300001    program   0x000001
.config_300002_BUILD/DEFAULT/PRODUCTION/MAIN.O    romdata   0x300002    program   0x000001
.config_300003_BUILD/DEFAULT/PRODUCTION/MAIN.O    romdata   0x300003    program   0x000001
.config_300005_BUILD/DEFAULT/PRODUCTION/MAIN.O    romdata   0x300005    program   0x000001
.config_300006_BUILD/DEFAULT/PRODUCTION/MAIN.O    romdata   0x300006    program   0x000001
.config_300008_BUILD/DEFAULT/PRODUCTION/MAIN.O    romdata   0x300008    program   0x000001
.config_300009_BUILD/DEFAULT/PRODUCTION/MAIN.O    romdata   0x300009    program   0x000001
.config_30000A_BUILD/DEFAULT/PRODUCTION/MAIN.O    romdata   0x30000a    program   0x000001
.config_30000B_BUILD/DEFAULT/PRODUCTION/MAIN.O    romdata   0x30000b    program   0x000001
.config_30000C_BUILD/DEFAULT/PRODUCTION/MAIN.O    romdata   0x30000c    program   0x000001
.config_30000D_BUILD/DEFAULT/PRODUCTION/MAIN.O    romdata   0x30000d    program   0x000001
             uDataAccess1      udata   0x000050       data   0x000004



                              Program Memory Usage 
                               Start         End      
                           ---------   ---------      
                            0x000000    0x000005      
                            0x000100    0x00016d      
                            0x000500    0x000569      
                            0x300001    0x300003      
                            0x300005    0x300006      
                            0x300008    0x30000d      
            233 out of 33048 program addresses used, program memory utilization is 0%



                              Symbols - Sorted by Name
                     Name    Address   Location    Storage File                     
                ---------  ---------  ---------  --------- ---------                
                   Etape0   0x000104    program     static D:\TP_PIC18\PORT_IO_GRAFCET_MASM.X\main.asm
                   Etape1   0x00011a    program     static D:\TP_PIC18\PORT_IO_GRAFCET_MASM.X\main.asm
                   Etape2   0x000134    program     static D:\TP_PIC18\PORT_IO_GRAFCET_MASM.X\main.asm
                   Etape3   0x000142    program     static D:\TP_PIC18\PORT_IO_GRAFCET_MASM.X\main.asm
                   Etape4   0x000150    program     static D:\TP_PIC18\PORT_IO_GRAFCET_MASM.X\main.asm
               FinNx100ms   0x000568    program     static D:\TP_PIC18\PORT_IO_GRAFCET_MASM.X\Temporisation.inc
                FinNx10ms   0x00053e    program     static D:\TP_PIC18\PORT_IO_GRAFCET_MASM.X\Temporisation.inc
                 FinNx1ms   0x00051e    program     static D:\TP_PIC18\PORT_IO_GRAFCET_MASM.X\Temporisation.inc
               Init_Ports   0x000160    program     static D:\TP_PIC18\PORT_IO_GRAFCET_MASM.X\main.asm
                 T1_100ms   0x000550    program     static D:\TP_PIC18\PORT_IO_GRAFCET_MASM.X\Temporisation.inc
                  T1_10ms   0x00052c    program     static D:\TP_PIC18\PORT_IO_GRAFCET_MASM.X\Temporisation.inc
                   T1_1ms   0x00050c    program     static D:\TP_PIC18\PORT_IO_GRAFCET_MASM.X\Temporisation.inc
                 T2_100ms   0x00054c    program     static D:\TP_PIC18\PORT_IO_GRAFCET_MASM.X\Temporisation.inc
                  T2_10ms   0x000528    program     static D:\TP_PIC18\PORT_IO_GRAFCET_MASM.X\Temporisation.inc
                   T2_1ms   0x000508    program     static D:\TP_PIC18\PORT_IO_GRAFCET_MASM.X\Temporisation.inc
                 T3_100ms   0x000548    program     static D:\TP_PIC18\PORT_IO_GRAFCET_MASM.X\Temporisation.inc
                  T3_10ms   0x000524    program     static D:\TP_PIC18\PORT_IO_GRAFCET_MASM.X\Temporisation.inc
                   T3_1ms   0x000504    program     static D:\TP_PIC18\PORT_IO_GRAFCET_MASM.X\Temporisation.inc
                 T4_100ms   0x000544    program     static D:\TP_PIC18\PORT_IO_GRAFCET_MASM.X\Temporisation.inc
             TempoNx100ms   0x000540    program     static D:\TP_PIC18\PORT_IO_GRAFCET_MASM.X\Temporisation.inc
              TempoNx10ms   0x000520    program     static D:\TP_PIC18\PORT_IO_GRAFCET_MASM.X\Temporisation.inc
               TempoNx1ms   0x000500    program     static D:\TP_PIC18\PORT_IO_GRAFCET_MASM.X\Temporisation.inc
                     main   0x000100    program     static D:\TP_PIC18\PORT_IO_GRAFCET_MASM.X\main.asm
                       N1   0x000051       data     static D:\TP_PIC18\PORT_IO_GRAFCET_MASM.X\Temporisation.inc
                       N2   0x000052       data     static D:\TP_PIC18\PORT_IO_GRAFCET_MASM.X\Temporisation.inc
                       N3   0x000053       data     static D:\TP_PIC18\PORT_IO_GRAFCET_MASM.X\Temporisation.inc
                       Nx   0x000050       data     static D:\TP_PIC18\PORT_IO_GRAFCET_MASM.X\Temporisation.inc



                              Symbols - Sorted by Address
                     Name    Address   Location    Storage File                     
                ---------  ---------  ---------  --------- ---------                
                     main   0x000100    program     static D:\TP_PIC18\PORT_IO_GRAFCET_MASM.X\main.asm
                   Etape0   0x000104    program     static D:\TP_PIC18\PORT_IO_GRAFCET_MASM.X\main.asm
                   Etape1   0x00011a    program     static D:\TP_PIC18\PORT_IO_GRAFCET_MASM.X\main.asm
                   Etape2   0x000134    program     static D:\TP_PIC18\PORT_IO_GRAFCET_MASM.X\main.asm
                   Etape3   0x000142    program     static D:\TP_PIC18\PORT_IO_GRAFCET_MASM.X\main.asm
                   Etape4   0x000150    program     static D:\TP_PIC18\PORT_IO_GRAFCET_MASM.X\main.asm
               Init_Ports   0x000160    program     static D:\TP_PIC18\PORT_IO_GRAFCET_MASM.X\main.asm
               TempoNx1ms   0x000500    program     static D:\TP_PIC18\PORT_IO_GRAFCET_MASM.X\Temporisation.inc
                   T3_1ms   0x000504    program     static D:\TP_PIC18\PORT_IO_GRAFCET_MASM.X\Temporisation.inc
                   T2_1ms   0x000508    program     static D:\TP_PIC18\PORT_IO_GRAFCET_MASM.X\Temporisation.inc
                   T1_1ms   0x00050c    program     static D:\TP_PIC18\PORT_IO_GRAFCET_MASM.X\Temporisation.inc
                 FinNx1ms   0x00051e    program     static D:\TP_PIC18\PORT_IO_GRAFCET_MASM.X\Temporisation.inc
              TempoNx10ms   0x000520    program     static D:\TP_PIC18\PORT_IO_GRAFCET_MASM.X\Temporisation.inc
                  T3_10ms   0x000524    program     static D:\TP_PIC18\PORT_IO_GRAFCET_MASM.X\Temporisation.inc
                  T2_10ms   0x000528    program     static D:\TP_PIC18\PORT_IO_GRAFCET_MASM.X\Temporisation.inc
                  T1_10ms   0x00052c    program     static D:\TP_PIC18\PORT_IO_GRAFCET_MASM.X\Temporisation.inc
                FinNx10ms   0x00053e    program     static D:\TP_PIC18\PORT_IO_GRAFCET_MASM.X\Temporisation.inc
             TempoNx100ms   0x000540    program     static D:\TP_PIC18\PORT_IO_GRAFCET_MASM.X\Temporisation.inc
                 T4_100ms   0x000544    program     static D:\TP_PIC18\PORT_IO_GRAFCET_MASM.X\Temporisation.inc
                 T3_100ms   0x000548    program     static D:\TP_PIC18\PORT_IO_GRAFCET_MASM.X\Temporisation.inc
                 T2_100ms   0x00054c    program     static D:\TP_PIC18\PORT_IO_GRAFCET_MASM.X\Temporisation.inc
                 T1_100ms   0x000550    program     static D:\TP_PIC18\PORT_IO_GRAFCET_MASM.X\Temporisation.inc
               FinNx100ms   0x000568    program     static D:\TP_PIC18\PORT_IO_GRAFCET_MASM.X\Temporisation.inc
                       Nx   0x000050       data     static D:\TP_PIC18\PORT_IO_GRAFCET_MASM.X\Temporisation.inc
                       N1   0x000051       data     static D:\TP_PIC18\PORT_IO_GRAFCET_MASM.X\Temporisation.inc
                       N2   0x000052       data     static D:\TP_PIC18\PORT_IO_GRAFCET_MASM.X\Temporisation.inc
                       N3   0x000053       data     static D:\TP_PIC18\PORT_IO_GRAFCET_MASM.X\Temporisation.inc


